mpu6050.c:10:6:mpu6050_send_stop	4	static
mpu6050.c:16:6:mpu6050_send_start	4	static
mpu6050.c:22:6:mpu6050_clear_start	4	static
mpu6050.c:28:6:mpu6050_clear_stop	4	static
mpu6050.c:35:6:mpu6050_write	16	static
mpu6050.c:59:7:mpu6050_ack_ok	4	static
mpu6050.c:64:7:mpu6050_rx_not_empty	4	static
mpu6050.c:74:6:mpu6050_send_nack	4	static
mpu6050.c:87:7:mpu6050_config_clock_source	32	static
mpu6050.c:117:7:mpu6050_config_sample_rate	32	static
mpu6050.c:142:7:mpu6050_config_gyro_scale	32	static
mpu6050.c:166:7:mpu6050_config_accel_scale	32	static
mpu6050.c:194:7:mpu6050_config_dlpf	32	static
mpu6050.c:213:6:mpu6050_init	8	static
mpu6050.c:234:6:mpu6050_begin	8	static
mpu6050.c:244:8:mpu6050_read	24	static
